urenilson@crenilson:~/deploy-vps$ git init
urenilson@crenilson:~/deploy-vps$ git status
urenilson@crenilson:~/deploy-vps$ git add .
urenilson@crenilson:~/deploy-vps$ git status
urenilson@crenilson:~/deploy-vps$ git commit -m "arquivos de instruções para primeiro commit"
urenilson@crenilson:~/deploy-vps$ git push -u origin main
ou
urenilson@crenilson:~/deploy-vps$ git push -u 


urenilson@crenilson:~/deploy-vps$ git init
Reinitialized existing Git repository in /home/urenilson/deploy-vps/.git/
urenilson@crenilson:~/deploy-vps$ git status
No ramo main
Your branch is up to date with 'origin/main'.

Arquivos não monitorados:
  (utilize "git add <arquivo>..." para incluir o que será submetido)
	leia-me1.txt
	leia-me2.txt

nada adicionado ao envio mas arquivos não registrados estão presentes (use "git add" to registrar)
urenilson@crenilson:~/deploy-vps$ git -m commit "arquivos de instruções para primeiro commit"
unknown option: -m
usage: git [-v | --version] [-h | --help] [-C <path>] [-c <name>=<value>]
           [--exec-path[=<path>]] [--html-path] [--man-path] [--info-path]
           [-p | --paginate | -P | --no-pager] [--no-replace-objects] [--bare]
           [--git-dir=<path>] [--work-tree=<path>] [--namespace=<name>]
           [--config-env=<name>=<envvar>] <command> [<args>]
urenilson@crenilson:~/deploy-vps$ git commit -m "arquivos de instruções para primeiro commit"
No ramo main
Your branch is up to date with 'origin/main'.

Arquivos não monitorados:
  (utilize "git add <arquivo>..." para incluir o que será submetido)
	leia-me1.txt
	leia-me2.txt

nada adicionado ao envio mas arquivos não registrados estão presentes (use "git add" to registrar)
urenilson@crenilson:~/deploy-vps$ git add .
urenilson@crenilson:~/deploy-vps$ git status
No ramo main
Your branch is up to date with 'origin/main'.

Mudanças a serem submetidas:
  (use "git restore --staged <file>..." to unstage)
	new file:   leia-me1.txt
	new file:   leia-me2.txt

urenilson@crenilson:~/deploy-vps$ git commit -m "arquivos de instruções para primeiro commit"
[main 9c4973b] arquivos de instruções para primeiro commit
 2 files changed, 60 insertions(+)
 create mode 100644 leia-me1.txt
 create mode 100644 leia-me2.txt
urenilson@crenilson:~/deploy-vps$ git push -u origin main
Enumerating objects: 5, done.
Counting objects: 100% (5/5), done.
Delta compression using up to 4 threads
Compressing objects: 100% (4/4), done.
Writing objects: 100% (4/4), 1.49 KiB | 1.49 MiB/s, done.
Total 4 (delta 0), reused 0 (delta 0), pack-reused 0
To github.com:FranciscoRenilson/deploy-vps.git
   ed09e37..9c4973b  main -> main
branch 'main' set up to track 'origin/main'.

